
> supragnya-portfolio@0.1.0 build
> next build

  ▲ Next.js 14.2.26

   Creating an optimized production build ...
 ✓ Compiled successfully
   Linting and checking validity of types ...
Failed to compile.

./app/page.tsx:5:33
Type error: Cannot find module '@/components/sections/TestimonialsSection' or its corresponding type declarations.

[0m [90m 3 |[39m [36mimport[39m [33mHeroSection[39m [36mfrom[39m [32m"@/components/sections/HeroSection"[39m[33m;[39m[0m
[0m [90m 4 |[39m [36mimport[39m [33mSelectedWorkSection[39m [36mfrom[39m [32m"@/components/sections/SelectedWorkSection"[39m[33m;[39m[0m
[0m[31m[1m>[22m[39m[90m 5 |[39m [36mimport[39m [33mTestimonialsSection[39m [36mfrom[39m [32m"@/components/sections/TestimonialsSection"[39m[33m;[39m[0m
[0m [90m   |[39m                                 [31m[1m^[22m[39m[0m
[0m [90m 6 |[39m [36mimport[39m [33mProcessSection[39m [36mfrom[39m [32m"@/components/sections/ProcessSection"[39m[33m;[39m[0m
[0m [90m 7 |[39m[0m
[0m [90m 8 |[39m [36mexport[39m [36mdefault[39m [36mfunction[39m [33mHomePage[39m() {[0m
Next.js build worker exited with code: 1 and signal: null
